  Determining projects to restore...
  All projects are up-to-date for restore.
  SharedKernel -> D:\code_PRN232\Didoo\BE\EventManagement\shared\SharedKernel\bin\Debug\net8.0\SharedKernel.dll
  SharedContracts -> D:\code_PRN232\Didoo\BE\EventManagement\shared\SharedContracts\bin\Debug\net8.0\SharedContracts.dll
  BookingService.Domain -> D:\code_PRN232\Didoo\BE\EventManagement\services\BookingService\src\BookingService.Domain\bin\Debug\net8.0\BookingService.Domain.dll
  SharedInfrastructure -> D:\code_PRN232\Didoo\BE\EventManagement\shared\SharedInfrastructure\bin\Debug\net8.0\SharedInfrastructure.dll
  BookingService.Application -> D:\code_PRN232\Didoo\BE\EventManagement\services\BookingService\src\BookingService.Application\bin\Debug\net8.0\BookingService.Application.dll
  BookingService.Infrastructure -> D:\code_PRN232\Didoo\BE\EventManagement\services\BookingService\src\BookingService.Infrastructure\bin\Debug\net8.0\BookingService.Infrastructure.dll
D:\code_PRN232\Didoo\BE\EventManagement\services\BookingService\src\BookingService.Api\Grpc\BookingGrpcService.cs(3,7): error CS0246: The type or namespace name 'Grpc' could not be found (are you missing a using directive or an assembly reference?) [D:\code_PRN232\Didoo\BE\EventManagement\services\BookingService\src\BookingService.Api\BookingService.Api.csproj]
D:\code_PRN232\Didoo\BE\EventManagement\services\BookingService\src\BookingService.Api\Grpc\BookingGrpcService.cs(5,23): error CS0234: The type or namespace name 'Protos' does not exist in the namespace 'SharedContracts' (are you missing an assembly reference?) [D:\code_PRN232\Didoo\BE\EventManagement\services\BookingService\src\BookingService.Api\BookingService.Api.csproj]
D:\code_PRN232\Didoo\BE\EventManagement\services\BookingService\src\BookingService.Api\Grpc\BookingGrpcService.cs(9,39): error CS0246: The type or namespace name 'BookingGrpc' could not be found (are you missing a using directive or an assembly reference?) [D:\code_PRN232\Didoo\BE\EventManagement\services\BookingService\src\BookingService.Api\BookingService.Api.csproj]
D:\code_PRN232\Didoo\BE\EventManagement\services\BookingService\src\BookingService.Api\Controllers\PaymentController.cs(14,26): error CS0246: The type or namespace name 'IMediator' could not be found (are you missing a using directive or an assembly reference?) [D:\code_PRN232\Didoo\BE\EventManagement\services\BookingService\src\BookingService.Api\BookingService.Api.csproj]
D:\code_PRN232\Didoo\BE\EventManagement\services\BookingService\src\BookingService.Api\Controllers\PaymentController.cs(16,60): error CS0246: The type or namespace name 'IMediator' could not be found (are you missing a using directive or an assembly reference?) [D:\code_PRN232\Didoo\BE\EventManagement\services\BookingService\src\BookingService.Api\BookingService.Api.csproj]
D:\code_PRN232\Didoo\BE\EventManagement\services\BookingService\src\BookingService.Api\Grpc\BookingGrpcService.cs(18,82): error CS0246: The type or namespace name 'BookingAnalyticsRequest' could not be found (are you missing a using directive or an assembly reference?) [D:\code_PRN232\Didoo\BE\EventManagement\services\BookingService\src\BookingService.Api\BookingService.Api.csproj]
D:\code_PRN232\Didoo\BE\EventManagement\services\BookingService\src\BookingService.Api\Grpc\BookingGrpcService.cs(18,115): error CS0246: The type or namespace name 'ServerCallContext' could not be found (are you missing a using directive or an assembly reference?) [D:\code_PRN232\Didoo\BE\EventManagement\services\BookingService\src\BookingService.Api\BookingService.Api.csproj]
D:\code_PRN232\Didoo\BE\EventManagement\services\BookingService\src\BookingService.Api\Grpc\BookingGrpcService.cs(18,36): error CS0246: The type or namespace name 'BookingAnalyticsResponse' could not be found (are you missing a using directive or an assembly reference?) [D:\code_PRN232\Didoo\BE\EventManagement\services\BookingService\src\BookingService.Api\BookingService.Api.csproj]

Build FAILED.

D:\code_PRN232\Didoo\BE\EventManagement\services\BookingService\src\BookingService.Api\Grpc\BookingGrpcService.cs(3,7): error CS0246: The type or namespace name 'Grpc' could not be found (are you missing a using directive or an assembly reference?) [D:\code_PRN232\Didoo\BE\EventManagement\services\BookingService\src\BookingService.Api\BookingService.Api.csproj]
D:\code_PRN232\Didoo\BE\EventManagement\services\BookingService\src\BookingService.Api\Grpc\BookingGrpcService.cs(5,23): error CS0234: The type or namespace name 'Protos' does not exist in the namespace 'SharedContracts' (are you missing an assembly reference?) [D:\code_PRN232\Didoo\BE\EventManagement\services\BookingService\src\BookingService.Api\BookingService.Api.csproj]
D:\code_PRN232\Didoo\BE\EventManagement\services\BookingService\src\BookingService.Api\Grpc\BookingGrpcService.cs(9,39): error CS0246: The type or namespace name 'BookingGrpc' could not be found (are you missing a using directive or an assembly reference?) [D:\code_PRN232\Didoo\BE\EventManagement\services\BookingService\src\BookingService.Api\BookingService.Api.csproj]
D:\code_PRN232\Didoo\BE\EventManagement\services\BookingService\src\BookingService.Api\Controllers\PaymentController.cs(14,26): error CS0246: The type or namespace name 'IMediator' could not be found (are you missing a using directive or an assembly reference?) [D:\code_PRN232\Didoo\BE\EventManagement\services\BookingService\src\BookingService.Api\BookingService.Api.csproj]
D:\code_PRN232\Didoo\BE\EventManagement\services\BookingService\src\BookingService.Api\Controllers\PaymentController.cs(16,60): error CS0246: The type or namespace name 'IMediator' could not be found (are you missing a using directive or an assembly reference?) [D:\code_PRN232\Didoo\BE\EventManagement\services\BookingService\src\BookingService.Api\BookingService.Api.csproj]
D:\code_PRN232\Didoo\BE\EventManagement\services\BookingService\src\BookingService.Api\Grpc\BookingGrpcService.cs(18,82): error CS0246: The type or namespace name 'BookingAnalyticsRequest' could not be found (are you missing a using directive or an assembly reference?) [D:\code_PRN232\Didoo\BE\EventManagement\services\BookingService\src\BookingService.Api\BookingService.Api.csproj]
D:\code_PRN232\Didoo\BE\EventManagement\services\BookingService\src\BookingService.Api\Grpc\BookingGrpcService.cs(18,115): error CS0246: The type or namespace name 'ServerCallContext' could not be found (are you missing a using directive or an assembly reference?) [D:\code_PRN232\Didoo\BE\EventManagement\services\BookingService\src\BookingService.Api\BookingService.Api.csproj]
D:\code_PRN232\Didoo\BE\EventManagement\services\BookingService\src\BookingService.Api\Grpc\BookingGrpcService.cs(18,36): error CS0246: The type or namespace name 'BookingAnalyticsResponse' could not be found (are you missing a using directive or an assembly reference?) [D:\code_PRN232\Didoo\BE\EventManagement\services\BookingService\src\BookingService.Api\BookingService.Api.csproj]
    0 Warning(s)
    8 Error(s)

Time Elapsed 00:00:03.31
