  Determining projects to restore...
  All projects are up-to-date for restore.
  SharedKernel -> D:\code_PRN232\Didoo\BE\EventManagement\shared\SharedKernel\bin\Debug\net8.0\SharedKernel.dll
  SharedContracts -> D:\code_PRN232\Didoo\BE\EventManagement\shared\SharedContracts\bin\Debug\net8.0\SharedContracts.dll
D:\code_PRN232\Didoo\BE\EventManagement\services\BookingService\src\BookingService.Domain\Entities\BookingDetail.cs(26,32): warning CS8618: Non-nullable property 'Booking' must contain a non-null value when exiting constructor. Consider adding the 'required' modifier or declaring the property as nullable. [D:\code_PRN232\Didoo\BE\EventManagement\services\BookingService\src\BookingService.Domain\BookingService.Domain.csproj]
  BookingService.Domain -> D:\code_PRN232\Didoo\BE\EventManagement\services\BookingService\src\BookingService.Domain\bin\Debug\net8.0\BookingService.Domain.dll
  SharedInfrastructure -> D:\code_PRN232\Didoo\BE\EventManagement\shared\SharedInfrastructure\bin\Debug\net8.0\SharedInfrastructure.dll
D:\code_PRN232\Didoo\BE\EventManagement\services\BookingService\src\BookingService.Application\CQRS\Handler\Booking\BookingGetAllQueryHandler.cs(30,28): warning CS8601: Possible null reference assignment. [D:\code_PRN232\Didoo\BE\EventManagement\services\BookingService\src\BookingService.Application\BookingService.Application.csproj]
D:\code_PRN232\Didoo\BE\EventManagement\services\BookingService\src\BookingService.Application\CQRS\Handler\Booking\BookingGetAllQueryHandler.cs(31,25): warning CS8601: Possible null reference assignment. [D:\code_PRN232\Didoo\BE\EventManagement\services\BookingService\src\BookingService.Application\BookingService.Application.csproj]
D:\code_PRN232\Didoo\BE\EventManagement\services\BookingService\src\BookingService.Application\CQRS\Handler\Booking\BookingGetAllQueryHandler.cs(32,25): warning CS8601: Possible null reference assignment. [D:\code_PRN232\Didoo\BE\EventManagement\services\BookingService\src\BookingService.Application\BookingService.Application.csproj]
  BookingService.Application -> D:\code_PRN232\Didoo\BE\EventManagement\services\BookingService\src\BookingService.Application\bin\Debug\net8.0\BookingService.Application.dll
D:\code_PRN232\Didoo\BE\EventManagement\services\BookingService\src\BookingService.Infrastructure\Persistence\ApplicationDbContext.cs(11,16): warning CS8618: Non-nullable field '_auditableEntityInterceptor' must contain a non-null value when exiting constructor. Consider adding the 'required' modifier or declaring the field as nullable. [D:\code_PRN232\Didoo\BE\EventManagement\services\BookingService\src\BookingService.Infrastructure\BookingService.Infrastructure.csproj]
D:\code_PRN232\Didoo\BE\EventManagement\services\BookingService\src\BookingService.Infrastructure\DependencyInjection\ManageDependencyInjection.cs(116,33): warning ASP0019: Use IHeaderDictionary.Append or the indexer to append or set headers. IDictionary.Add will throw an ArgumentException when attempting to add a duplicate key. (https://aka.ms/aspnet/analyzers) [D:\code_PRN232\Didoo\BE\EventManagement\services\BookingService\src\BookingService.Infrastructure\BookingService.Infrastructure.csproj]
  BookingService.Infrastructure -> D:\code_PRN232\Didoo\BE\EventManagement\services\BookingService\src\BookingService.Infrastructure\bin\Debug\net8.0\BookingService.Infrastructure.dll
D:\code_PRN232\Didoo\BE\EventManagement\services\BookingService\src\BookingService.Api\Controllers\PaymentController.cs(14,26): error CS0246: The type or namespace name 'IMediator' could not be found (are you missing a using directive or an assembly reference?) [D:\code_PRN232\Didoo\BE\EventManagement\services\BookingService\src\BookingService.Api\BookingService.Api.csproj]
D:\code_PRN232\Didoo\BE\EventManagement\services\BookingService\src\BookingService.Api\Controllers\PaymentController.cs(16,60): error CS0246: The type or namespace name 'IMediator' could not be found (are you missing a using directive or an assembly reference?) [D:\code_PRN232\Didoo\BE\EventManagement\services\BookingService\src\BookingService.Api\BookingService.Api.csproj]

Build FAILED.

D:\code_PRN232\Didoo\BE\EventManagement\services\BookingService\src\BookingService.Domain\Entities\BookingDetail.cs(26,32): warning CS8618: Non-nullable property 'Booking' must contain a non-null value when exiting constructor. Consider adding the 'required' modifier or declaring the property as nullable. [D:\code_PRN232\Didoo\BE\EventManagement\services\BookingService\src\BookingService.Domain\BookingService.Domain.csproj]
D:\code_PRN232\Didoo\BE\EventManagement\services\BookingService\src\BookingService.Application\CQRS\Handler\Booking\BookingGetAllQueryHandler.cs(30,28): warning CS8601: Possible null reference assignment. [D:\code_PRN232\Didoo\BE\EventManagement\services\BookingService\src\BookingService.Application\BookingService.Application.csproj]
D:\code_PRN232\Didoo\BE\EventManagement\services\BookingService\src\BookingService.Application\CQRS\Handler\Booking\BookingGetAllQueryHandler.cs(31,25): warning CS8601: Possible null reference assignment. [D:\code_PRN232\Didoo\BE\EventManagement\services\BookingService\src\BookingService.Application\BookingService.Application.csproj]
D:\code_PRN232\Didoo\BE\EventManagement\services\BookingService\src\BookingService.Application\CQRS\Handler\Booking\BookingGetAllQueryHandler.cs(32,25): warning CS8601: Possible null reference assignment. [D:\code_PRN232\Didoo\BE\EventManagement\services\BookingService\src\BookingService.Application\BookingService.Application.csproj]
D:\code_PRN232\Didoo\BE\EventManagement\services\BookingService\src\BookingService.Infrastructure\Persistence\ApplicationDbContext.cs(11,16): warning CS8618: Non-nullable field '_auditableEntityInterceptor' must contain a non-null value when exiting constructor. Consider adding the 'required' modifier or declaring the field as nullable. [D:\code_PRN232\Didoo\BE\EventManagement\services\BookingService\src\BookingService.Infrastructure\BookingService.Infrastructure.csproj]
D:\code_PRN232\Didoo\BE\EventManagement\services\BookingService\src\BookingService.Infrastructure\DependencyInjection\ManageDependencyInjection.cs(116,33): warning ASP0019: Use IHeaderDictionary.Append or the indexer to append or set headers. IDictionary.Add will throw an ArgumentException when attempting to add a duplicate key. (https://aka.ms/aspnet/analyzers) [D:\code_PRN232\Didoo\BE\EventManagement\services\BookingService\src\BookingService.Infrastructure\BookingService.Infrastructure.csproj]
D:\code_PRN232\Didoo\BE\EventManagement\services\BookingService\src\BookingService.Api\Controllers\PaymentController.cs(14,26): error CS0246: The type or namespace name 'IMediator' could not be found (are you missing a using directive or an assembly reference?) [D:\code_PRN232\Didoo\BE\EventManagement\services\BookingService\src\BookingService.Api\BookingService.Api.csproj]
D:\code_PRN232\Didoo\BE\EventManagement\services\BookingService\src\BookingService.Api\Controllers\PaymentController.cs(16,60): error CS0246: The type or namespace name 'IMediator' could not be found (are you missing a using directive or an assembly reference?) [D:\code_PRN232\Didoo\BE\EventManagement\services\BookingService\src\BookingService.Api\BookingService.Api.csproj]
    6 Warning(s)
    2 Error(s)

Time Elapsed 00:00:03.70
